// Vitest Snapshot v1, https://vitest.dev/guide/snapshot.html

exports[`simulateShot — регрессия пенальти и штрафного > исходы не изменились 1`] = `
[
  {
    "ball": {
      "curveM": 0,
      "flightMs": 477,
      "lift": 0.13,
      "pace": 0.42,
      "x": 0.14,
      "y": 0.85,
    },
    "coins": 0,
    "keeper": {
      "diveMs": 120,
      "guessed": false,
      "handX": 0.07,
      "handY": 1.13,
      "startMs": 231,
      "startX": 0,
    },
    "level": "junior",
    "mode": "penalty",
    "origin": {
      "x": 0,
      "z": 11,
    },
    "points": 0,
    "result": "saved",
    "topCorner": false,
    "wall": null,
  },
  {
    "ball": {
      "curveM": 0,
      "flightMs": 348,
      "lift": 0.23,
      "pace": 0.92,
      "x": -3.29,
      "y": 1.55,
    },
    "coins": 10,
    "keeper": {
      "diveMs": 120,
      "guessed": false,
      "handX": -1.19,
      "handY": 1.35,
      "startMs": 269,
      "startX": 0,
    },
    "level": "junior",
    "mode": "penalty",
    "origin": {
      "x": 0,
      "z": 11,
    },
    "points": 2,
    "result": "goal",
    "topCorner": true,
    "wall": null,
  },
  {
    "ball": {
      "curveM": -0,
      "flightMs": 819,
      "lift": 0.04,
      "pace": 0,
      "x": 2.65,
      "y": 0.26,
    },
    "coins": 0,
    "keeper": {
      "diveMs": 514,
      "guessed": false,
      "handX": 2.82,
      "handY": 0.2,
      "startMs": 253,
      "startX": 0,
    },
    "level": "junior",
    "mode": "penalty",
    "origin": {
      "x": 0,
      "z": 11,
    },
    "points": 0,
    "result": "saved",
    "topCorner": false,
    "wall": null,
  },
  {
    "ball": {
      "curveM": -0,
      "flightMs": 324,
      "lift": 0.54,
      "pace": 1,
      "x": 4.21,
      "y": 3.96,
    },
    "coins": 0,
    "keeper": {
      "diveMs": 120,
      "guessed": false,
      "handX": 1.12,
      "handY": 1.29,
      "startMs": 256,
      "startX": 0,
    },
    "level": "junior",
    "mode": "penalty",
    "origin": {
      "x": 0,
      "z": 11,
    },
    "points": 0,
    "result": "miss",
    "topCorner": false,
    "wall": null,
  },
  {
    "ball": {
      "curveM": 0,
      "flightMs": 498,
      "lift": 0.15,
      "pace": 0.42,
      "x": 0.02,
      "y": 0.59,
    },
    "coins": 0,
    "keeper": {
      "diveMs": 498,
      "guessed": true,
      "handX": 2.98,
      "handY": 1.12,
      "startMs": 0,
      "startX": 0,
    },
    "level": "junior",
    "mode": "penalty",
    "origin": {
      "x": 0,
      "z": 11,
    },
    "points": 0,
    "result": "saved",
    "topCorner": false,
    "wall": null,
  },
  {
    "ball": {
      "curveM": 0.77,
      "flightMs": 360,
      "lift": 0.55,
      "pace": 0.92,
      "x": -2.18,
      "y": 2.18,
    },
    "coins": 5,
    "keeper": {
      "diveMs": 152,
      "guessed": false,
      "handX": 0.6,
      "handY": 1.77,
      "startMs": 208,
      "startX": 0,
    },
    "level": "junior",
    "mode": "penalty",
    "origin": {
      "x": 0,
      "z": 11,
    },
    "points": 1,
    "result": "goal",
    "topCorner": false,
    "wall": null,
  },
  {
    "ball": {
      "curveM": -0.44,
      "flightMs": 885,
      "lift": 0.05,
      "pace": 0,
      "x": 2.8,
      "y": 0.19,
    },
    "coins": 0,
    "keeper": {
      "diveMs": 516,
      "guessed": false,
      "handX": 2.83,
      "handY": 0.2,
      "startMs": 245,
      "startX": 0,
    },
    "level": "junior",
    "mode": "penalty",
    "origin": {
      "x": 0,
      "z": 11,
    },
    "points": 0,
    "result": "saved",
    "topCorner": false,
    "wall": null,
  },
  {
    "ball": {
      "curveM": -1.1,
      "flightMs": 333,
      "lift": 0.65,
      "pace": 1,
      "x": 2.54,
      "y": 2.79,
    },
    "coins": 0,
    "keeper": {
      "diveMs": 120,
      "guessed": false,
      "handX": 1.22,
      "handY": 1.38,
      "startMs": 249,
      "startX": 0,
    },
    "level": "junior",
    "mode": "penalty",
    "origin": {
      "x": 0,
      "z": 11,
    },
    "points": 0,
    "result": "miss",
    "topCorner": false,
    "wall": null,
  },
  {
    "ball": {
      "curveM": 0,
      "flightMs": 712,
      "lift": 1.83,
      "pace": 0.42,
      "x": 0.17,
      "y": 0.83,
    },
    "coins": 0,
    "keeper": {
      "diveMs": 165,
      "guessed": false,
      "handX": 0.55,
      "handY": 0.61,
      "startMs": 276,
      "startX": 0,
    },
    "level": "junior",
    "mode": "penalty",
    "origin": {
      "x": 0,
      "z": 11,
    },
    "points": 0,
    "result": "saved",
    "topCorner": false,
    "wall": null,
  },
  {
    "ball": {
      "curveM": 0.31,
      "flightMs": 514,
      "lift": 1.21,
      "pace": 0.92,
      "x": -2.43,
      "y": 2.18,
    },
    "coins": 10,
    "keeper": {
      "diveMs": 265,
      "guessed": false,
      "handX": -1.34,
      "handY": 2.4,
      "startMs": 249,
      "startX": 0,
    },
    "level": "junior",
    "mode": "penalty",
    "origin": {
      "x": 0,
      "z": 11,
    },
    "points": 2,
    "result": "goal",
    "topCorner": true,
    "wall": null,
  },
  {
    "ball": {
      "curveM": -0.18,
      "flightMs": 1264,
      "lift": 1.9,
      "pace": 0,
      "x": 2.35,
      "y": 0.13,
    },
    "coins": 0,
    "keeper": {
      "diveMs": 361,
      "guessed": false,
      "handX": 1.82,
      "handY": 0.2,
      "startMs": 259,
      "startX": 0,
    },
    "level": "junior",
    "mode": "penalty",
    "origin": {
      "x": 0,
      "z": 11,
    },
    "points": 0,
    "result": "saved",
    "topCorner": false,
    "wall": null,
  },
  {
    "ball": {
      "curveM": -0.44,
      "flightMs": 476,
      "lift": 1.74,
      "pace": 1,
      "x": 5.7,
      "y": 3.69,
    },
    "coins": 0,
    "keeper": {
      "diveMs": 476,
      "guessed": true,
      "handX": -2.94,
      "handY": 1.45,
      "startMs": 0,
      "startX": 0,
    },
    "level": "junior",
    "mode": "penalty",
    "origin": {
      "x": 0,
      "z": 11,
    },
    "points": 0,
    "result": "miss",
    "topCorner": false,
    "wall": null,
  },
  {
    "ball": {
      "curveM": 0,
      "flightMs": 498,
      "lift": 0.16,
      "pace": 0.42,
      "wobble": {
        "amp": 0.53,
        "phase": 0,
      },
      "x": -0.14,
      "y": 1.05,
    },
    "coins": 0,
    "keeper": {
      "diveMs": 393,
      "guessed": true,
      "handX": -2.04,
      "handY": 0.94,
      "startMs": 0,
      "startX": 0,
    },
    "level": "junior",
    "mode": "penalty",
    "origin": {
      "x": 0,
      "z": 11,
    },
    "points": 0,
    "result": "saved",
    "topCorner": false,
    "wall": null,
  },
  {
    "ball": {
      "curveM": 0,
      "flightMs": 360,
      "lift": 0.26,
      "pace": 0.92,
      "wobble": {
        "amp": 0.36,
        "phase": 0,
      },
      "x": -4.01,
      "y": 1.73,
    },
    "coins": 0,
    "keeper": {
      "diveMs": 360,
      "guessed": true,
      "handX": -2.91,
      "handY": 0.32,
      "startMs": 0,
      "startX": 0,
    },
    "level": "junior",
    "mode": "penalty",
    "origin": {
      "x": 0,
      "z": 11,
    },
    "points": 0,
    "result": "miss",
    "topCorner": false,
    "wall": null,
  },
  {
    "ball": {
      "curveM": -0,
      "flightMs": 885,
      "lift": 0.02,
      "pace": 0,
      "wobble": {
        "amp": 0.75,
        "phase": 3.14,
      },
      "x": 2.34,
      "y": 0.11,
    },
    "coins": 0,
    "keeper": {
      "diveMs": 428,
      "guessed": false,
      "handX": 2.27,
      "handY": 0.2,
      "startMs": 273,
      "startX": 0,
    },
    "level": "junior",
    "mode": "penalty",
    "origin": {
      "x": 0,
      "z": 11,
    },
    "points": 0,
    "result": "saved",
    "topCorner": false,
    "wall": null,
  },
  {
    "ball": {
      "curveM": -0,
      "flightMs": 333,
      "lift": 0.37,
      "pace": 1,
      "wobble": {
        "amp": 0.58,
        "phase": 3.14,
      },
      "x": 5.18,
      "y": 2.45,
    },
    "coins": 0,
    "keeper": {
      "diveMs": 131,
      "guessed": false,
      "handX": 1.53,
      "handY": 1.65,
      "startMs": 202,
      "startX": 0,
    },
    "level": "junior",
    "mode": "penalty",
    "origin": {
      "x": 0,
      "z": 11,
    },
    "points": 0,
    "result": "miss",
    "topCorner": false,
    "wall": null,
  },
  {
    "ball": {
      "curveM": 0,
      "flightMs": 477,
      "lift": 0.12,
      "pace": 0.42,
      "x": 0.04,
      "y": 0.79,
    },
    "coins": 0,
    "keeper": {
      "diveMs": 394,
      "guessed": true,
      "handX": 2.32,
      "handY": 1.28,
      "startMs": 0,
      "startX": 0,
    },
    "level": "amateur",
    "mode": "penalty",
    "origin": {
      "x": 0,
      "z": 11,
    },
    "points": 0,
    "result": "saved",
    "topCorner": false,
    "wall": null,
  },
  {
    "ball": {
      "curveM": 0,
      "flightMs": 348,
      "lift": 0.33,
      "pace": 0.92,
      "x": -3.64,
      "y": 2.2,
    },
    "coins": 0,
    "keeper": {
      "diveMs": 150,
      "guessed": false,
      "handX": -1.86,
      "handY": 1.52,
      "startMs": 198,
      "startX": 0,
    },
    "level": "amateur",
    "mode": "penalty",
    "origin": {
      "x": 0,
      "z": 11,
    },
    "points": 0,
    "result": "post",
    "topCorner": false,
    "wall": null,
  },
  {
    "ball": {
      "curveM": -0,
      "flightMs": 819,
      "lift": 0.03,
      "pace": 0,
      "x": 2.44,
      "y": 0.2,
    },
    "coins": 0,
    "keeper": {
      "diveMs": 388,
      "guessed": false,
      "handX": 2.28,
      "handY": 0.25,
      "startMs": 179,
      "startX": 0,
    },
    "level": "amateur",
    "mode": "penalty",
    "origin": {
      "x": 0,
      "z": 11,
    },
    "points": 0,
    "result": "saved",
    "topCorner": false,
    "wall": null,
  },
  {
    "ball": {
      "curveM": -0,
      "flightMs": 324,
      "lift": 0.42,
      "pace": 1,
      "x": 3.87,
      "y": 2.83,
    },
    "coins": 0,
    "keeper": {
      "diveMs": 157,
      "guessed": false,
      "handX": 1.91,
      "handY": 1.83,
      "startMs": 167,
      "startX": 0,
    },
    "level": "amateur",
    "mode": "penalty",
    "origin": {
      "x": 0,
      "z": 11,
    },
    "points": 0,
    "result": "miss",
    "topCorner": false,
    "wall": null,
  },
  {
    "ball": {
      "curveM": 0,
      "flightMs": 498,
      "lift": 0.15,
      "pace": 0.42,
      "x": -0.2,
      "y": 0.6,
    },
    "coins": 0,
    "keeper": {
      "diveMs": 120,
      "guessed": false,
      "handX": -0.28,
      "handY": 0.63,
      "startMs": 230,
      "startX": 0,
    },
    "level": "amateur",
    "mode": "penalty",
    "origin": {
      "x": 0,
      "z": 11,
    },
    "points": 0,
    "result": "saved",
    "topCorner": false,
    "wall": null,
  },
  {
    "ball": {
      "curveM": 0.77,
      "flightMs": 360,
      "lift": 0.57,
      "pace": 0.92,
      "x": -2.79,
      "y": 2.27,
    },
    "coins": 15,
    "keeper": {
      "diveMs": 129,
      "guessed": false,
      "handX": -1.71,
      "handY": 1.67,
      "startMs": 231,
      "startX": 0,
    },
    "level": "amateur",
    "mode": "penalty",
    "origin": {
      "x": 0,
      "z": 11,
    },
    "points": 4,
    "result": "goal",
    "topCorner": true,
    "wall": null,
  },
  {
    "ball": {
      "curveM": -0.44,
      "flightMs": 885,
      "lift": 0.04,
      "pace": 0,
      "x": 2.69,
      "y": 0.17,
    },
    "coins": 0,
    "keeper": {
      "diveMs": 488,
      "guessed": false,
      "handX": 3.02,
      "handY": 0.28,
      "startMs": 169,
      "startX": 0,
    },
    "level": "amateur",
    "mode": "penalty",
    "origin": {
      "x": 0,
      "z": 11,
    },
    "points": 0,
    "result": "saved",
    "topCorner": false,
    "wall": null,
  },
  {
    "ball": {
      "curveM": -1.1,
      "flightMs": 333,
      "lift": 0.9,
      "pace": 1,
      "x": 5.56,
      "y": 3.99,
    },
    "coins": 0,
    "keeper": {
      "diveMs": 172,
      "guessed": false,
      "handX": 2.03,
      "handY": 1.92,
      "startMs": 161,
      "startX": 0,
    },
    "level": "amateur",
    "mode": "penalty",
    "origin": {
      "x": 0,
      "z": 11,
    },
    "points": 0,
    "result": "miss",
    "topCorner": false,
    "wall": null,
  },
  {
    "ball": {
      "curveM": 0,
      "flightMs": 712,
      "lift": 1.83,
      "pace": 0.42,
      "x": 0.08,
      "y": 0.73,
    },
    "coins": 8,
    "keeper": {
      "diveMs": 423,
      "guessed": true,
      "handX": -2.54,
      "handY": 1.11,
      "startMs": 0,
      "startX": 0,
    },
    "level": "amateur",
    "mode": "penalty",
    "origin": {
      "x": 0,
      "z": 11,
    },
    "points": 2,
    "result": "goal",
    "topCorner": false,
    "wall": null,
  },
  {
    "ball": {
      "curveM": 0.31,
      "flightMs": 514,
      "lift": 1.21,
      "pace": 0.92,
      "x": -3.03,
      "y": 2.53,
    },
    "coins": 0,
    "keeper": {
      "diveMs": 315,
      "guessed": false,
      "handX": -3.03,
      "handY": 2.21,
      "startMs": 199,
      "startX": 0,
    },
    "level": "amateur",
    "mode": "penalty",
    "origin": {
      "x": 0,
      "z": 11,
    },
    "points": 0,
    "result": "post",
    "topCorner": false,
    "wall": null,
  },
  {
    "ball": {
      "curveM": -0.18,
      "flightMs": 1264,
      "lift": 1.9,
      "pace": 0,
      "x": 2.67,
      "y": 0.29,
    },
    "coins": 0,
    "keeper": {
      "diveMs": 468,
      "guessed": false,
      "handX": 2.87,
      "handY": 0.2,
      "startMs": 172,
      "startX": 0,
    },
    "level": "amateur",
    "mode": "penalty",
    "origin": {
      "x": 0,
      "z": 11,
    },
    "points": 0,
    "result": "saved",
    "topCorner": false,
    "wall": null,
  },
  {
    "ball": {
      "curveM": -0.44,
      "flightMs": 476,
      "lift": 1.74,
      "pace": 1,
      "x": 3.87,
      "y": 2.97,
    },
    "coins": 0,
    "keeper": {
      "diveMs": 424,
      "guessed": true,
      "handX": -2.55,
      "handY": 0.45,
      "startMs": 0,
      "startX": 0,
    },
    "level": "amateur",
    "mode": "penalty",
    "origin": {
      "x": 0,
      "z": 11,
    },
    "points": 0,
    "result": "miss",
    "topCorner": false,
    "wall": null,
  },
  {
    "ball": {
      "curveM": 0,
      "flightMs": 498,
      "lift": 0.11,
      "pace": 0.42,
      "wobble": {
        "amp": 0.53,
        "phase": 0,
      },
      "x": 0.21,
      "y": 0.73,
    },
    "coins": 0,
    "keeper": {
      "diveMs": 120,
      "guessed": false,
      "handX": -0.14,
      "handY": 1.29,
      "startMs": 181,
      "startX": 0,
    },
    "level": "amateur",
    "mode": "penalty",
    "origin": {
      "x": 0,
      "z": 11,
    },
    "points": 0,
    "result": "saved",
    "topCorner": false,
    "wall": null,
  },
  {
    "ball": {
      "curveM": 0,
      "flightMs": 360,
      "lift": 0.35,
      "pace": 0.92,
      "wobble": {
        "amp": 0.36,
        "phase": 0,
      },
      "x": -2.84,
      "y": 2.34,
    },
    "coins": 0,
    "keeper": {
      "diveMs": 360,
      "guessed": true,
      "handX": -3.2,
      "handY": 1.1,
      "startMs": 0,
      "startX": 0,
    },
    "level": "amateur",
    "mode": "penalty",
    "origin": {
      "x": 0,
      "z": 11,
    },
    "points": 0,
    "result": "post",
    "topCorner": false,
    "wall": null,
  },
  {
    "ball": {
      "curveM": -0,
      "flightMs": 885,
      "lift": 0.04,
      "pace": 0,
      "wobble": {
        "amp": 0.75,
        "phase": 3.14,
      },
      "x": 2.63,
      "y": 0.26,
    },
    "coins": 8,
    "keeper": {
      "diveMs": 546,
      "guessed": false,
      "handX": 3.45,
      "handY": 0.2,
      "startMs": 181,
      "startX": 0,
    },
    "level": "amateur",
    "mode": "penalty",
    "origin": {
      "x": 0,
      "z": 11,
    },
    "points": 2,
    "result": "goal",
    "topCorner": false,
    "wall": null,
  },
  {
    "ball": {
      "curveM": -0,
      "flightMs": 333,
      "lift": 0.54,
      "pace": 1,
      "wobble": {
        "amp": 0.58,
        "phase": 3.14,
      },
      "x": 4.89,
      "y": 3.98,
    },
    "coins": 0,
    "keeper": {
      "diveMs": 141,
      "guessed": false,
      "handX": 1.8,
      "handY": 1.74,
      "startMs": 192,
      "startX": 0,
    },
    "level": "amateur",
    "mode": "penalty",
    "origin": {
      "x": 0,
      "z": 11,
    },
    "points": 0,
    "result": "miss",
    "topCorner": false,
    "wall": null,
  },
  {
    "ball": {
      "curveM": 0,
      "flightMs": 477,
      "lift": 0.12,
      "pace": 0.42,
      "x": -0.01,
      "y": 0.83,
    },
    "coins": 0,
    "keeper": {
      "diveMs": 120,
      "guessed": false,
      "handX": -0.24,
      "handY": 0.9,
      "startMs": 142,
      "startX": 0,
    },
    "level": "pro",
    "mode": "penalty",
    "origin": {
      "x": 0,
      "z": 11,
    },
    "points": 0,
    "result": "saved",
    "topCorner": false,
    "wall": null,
  },
  {
    "ball": {
      "curveM": 0,
      "flightMs": 348,
      "lift": 0.24,
      "pace": 0.92,
      "x": -2.89,
      "y": 1.58,
    },
    "coins": 30,
    "keeper": {
      "diveMs": 345,
      "guessed": true,
      "handX": 2.57,
      "handY": 1.66,
      "startMs": 0,
      "startX": 0,
    },
    "level": "pro",
    "mode": "penalty",
    "origin": {
      "x": 0,
      "z": 11,
    },
    "points": 14,
    "result": "goal",
    "topCorner": true,
    "wall": null,
  },
  {
    "ball": {
      "curveM": -0,
      "flightMs": 819,
      "lift": 0.03,
      "pace": 0,
      "x": 2.22,
      "y": 0.23,
    },
    "coins": 0,
    "keeper": {
      "diveMs": 309,
      "guessed": false,
      "handX": 2.22,
      "handY": 0.24,
      "startMs": 111,
      "startX": 0,
    },
    "level": "pro",
    "mode": "penalty",
    "origin": {
      "x": 0,
      "z": 11,
    },
    "points": 0,
    "result": "saved",
    "topCorner": false,
    "wall": null,
  },
  {
    "ball": {
      "curveM": -0,
      "flightMs": 324,
      "lift": 0.53,
      "pace": 1,
      "x": 4.65,
      "y": 3.54,
    },
    "coins": 0,
    "keeper": {
      "diveMs": 180,
      "guessed": false,
      "handX": 2.68,
      "handY": 2.06,
      "startMs": 144,
      "startX": 0,
    },
    "level": "pro",
    "mode": "penalty",
    "origin": {
      "x": 0,
      "z": 11,
    },
    "points": 0,
    "result": "miss",
    "topCorner": false,
    "wall": null,
  },
  {
    "ball": {
      "curveM": 0,
      "flightMs": 498,
      "lift": 0.18,
      "pace": 0.42,
      "x": 0.18,
      "y": 0.71,
    },
    "coins": 0,
    "keeper": {
      "diveMs": 130,
      "guessed": false,
      "handX": 0.48,
      "handY": 0.62,
      "startMs": 129,
      "startX": 0,
    },
    "level": "pro",
    "mode": "penalty",
    "origin": {
      "x": 0,
      "z": 11,
    },
    "points": 0,
    "result": "saved",
    "topCorner": false,
    "wall": null,
  },
  {
    "ball": {
      "curveM": 0.77,
      "flightMs": 360,
      "lift": 0.59,
      "pace": 0.92,
      "x": -2.57,
      "y": 2.36,
    },
    "coins": 0,
    "keeper": {
      "diveMs": 245,
      "guessed": false,
      "handX": -2.18,
      "handY": 2.31,
      "startMs": 115,
      "startX": 0,
    },
    "level": "pro",
    "mode": "penalty",
    "origin": {
      "x": 0,
      "z": 11,
    },
    "points": 0,
    "result": "post",
    "topCorner": false,
    "wall": null,
  },
  {
    "ball": {
      "curveM": -0.44,
      "flightMs": 885,
      "lift": 0.07,
      "pace": 0,
      "x": 2.41,
      "y": 0.28,
    },
    "coins": 0,
    "keeper": {
      "diveMs": 319,
      "guessed": false,
      "handX": 2.31,
      "handY": 0.29,
      "startMs": 130,
      "startX": 0,
    },
    "level": "pro",
    "mode": "penalty",
    "origin": {
      "x": 0,
      "z": 11,
    },
    "points": 0,
    "result": "saved",
    "topCorner": false,
    "wall": null,
  },
  {
    "ball": {
      "curveM": -1.1,
      "flightMs": 333,
      "lift": 0.57,
      "pace": 1,
      "x": 4.42,
      "y": 2.27,
    },
    "coins": 0,
    "keeper": {
      "diveMs": 194,
      "guessed": false,
      "handX": 2.82,
      "handY": 2.15,
      "startMs": 139,
      "startX": 0,
    },
    "level": "pro",
    "mode": "penalty",
    "origin": {
      "x": 0,
      "z": 11,
    },
    "points": 0,
    "result": "miss",
    "topCorner": false,
    "wall": null,
  },
  {
    "ball": {
      "curveM": 0,
      "flightMs": 712,
      "lift": 1.83,
      "pace": 0.42,
      "x": -0.09,
      "y": 0.63,
    },
    "coins": 0,
    "keeper": {
      "diveMs": 120,
      "guessed": false,
      "handX": -0.14,
      "handY": 0.58,
      "startMs": 124,
      "startX": 0,
    },
    "level": "pro",
    "mode": "penalty",
    "origin": {
      "x": 0,
      "z": 11,
    },
    "points": 0,
    "result": "saved",
    "topCorner": false,
    "wall": null,
  },
  {
    "ball": {
      "curveM": 0.31,
      "flightMs": 514,
      "lift": 1.21,
      "pace": 0.92,
      "x": -3.54,
      "y": 1.97,
    },
    "coins": 0,
    "keeper": {
      "diveMs": 388,
      "guessed": false,
      "handX": -3.45,
      "handY": 1.81,
      "startMs": 126,
      "startX": 0,
    },
    "level": "pro",
    "mode": "penalty",
    "origin": {
      "x": 0,
      "z": 11,
    },
    "points": 0,
    "result": "saved",
    "topCorner": false,
    "wall": null,
  },
  {
    "ball": {
      "curveM": -0.18,
      "flightMs": 1264,
      "lift": 1.9,
      "pace": 0,
      "x": 2.5,
      "y": 0.27,
    },
    "coins": 0,
    "keeper": {
      "diveMs": 283,
      "guessed": true,
      "handX": 1.97,
      "handY": 0.41,
      "startMs": 0,
      "startX": 0,
    },
    "level": "pro",
    "mode": "penalty",
    "origin": {
      "x": 0,
      "z": 11,
    },
    "points": 0,
    "result": "saved",
    "topCorner": false,
    "wall": null,
  },
  {
    "ball": {
      "curveM": -0.44,
      "flightMs": 476,
      "lift": 1.74,
      "pace": 1,
      "x": 4.57,
      "y": 3.5,
    },
    "coins": 0,
    "keeper": {
      "diveMs": 352,
      "guessed": false,
      "handX": 3.45,
      "handY": 2.02,
      "startMs": 124,
      "startX": 0,
    },
    "level": "pro",
    "mode": "penalty",
    "origin": {
      "x": 0,
      "z": 11,
    },
    "points": 0,
    "result": "miss",
    "topCorner": false,
    "wall": null,
  },
  {
    "ball": {
      "curveM": 0,
      "flightMs": 498,
      "lift": 0.1,
      "pace": 0.42,
      "wobble": {
        "amp": 0.53,
        "phase": 0,
      },
      "x": 0.46,
      "y": 0.66,
    },
    "coins": 0,
    "keeper": {
      "diveMs": 120,
      "guessed": false,
      "handX": 0.33,
      "handY": 0.67,
      "startMs": 123,
      "startX": 0,
    },
    "level": "pro",
    "mode": "penalty",
    "origin": {
      "x": 0,
      "z": 11,
    },
    "points": 0,
    "result": "saved",
    "topCorner": false,
    "wall": null,
  },
  {
    "ball": {
      "curveM": 0,
      "flightMs": 360,
      "lift": 0.34,
      "pace": 0.92,
      "wobble": {
        "amp": 0.36,
        "phase": 0,
      },
      "x": -1.67,
      "y": 2.25,
    },
    "coins": 0,
    "keeper": {
      "diveMs": 184,
      "guessed": false,
      "handX": -1.01,
      "handY": 2.24,
      "startMs": 111,
      "startX": 0,
    },
    "level": "pro",
    "mode": "penalty",
    "origin": {
      "x": 0,
      "z": 11,
    },
    "points": 0,
    "result": "saved",
    "topCorner": false,
    "wall": null,
  },
  {
    "ball": {
      "curveM": -0,
      "flightMs": 885,
      "lift": 0.02,
      "pace": 0,
      "wobble": {
        "amp": 0.75,
        "phase": 3.14,
      },
      "x": 2.69,
      "y": 0.11,
    },
    "coins": 0,
    "keeper": {
      "diveMs": 338,
      "guessed": false,
      "handX": 2.51,
      "handY": 0.2,
      "startMs": 133,
      "startX": 0,
    },
    "level": "pro",
    "mode": "penalty",
    "origin": {
      "x": 0,
      "z": 11,
    },
    "points": 0,
    "result": "saved",
    "topCorner": false,
    "wall": null,
  },
  {
    "ball": {
      "curveM": -0,
      "flightMs": 333,
      "lift": 0.54,
      "pace": 1,
      "wobble": {
        "amp": 0.58,
        "phase": 3.14,
      },
      "x": 3.64,
      "y": 4.38,
    },
    "coins": 0,
    "keeper": {
      "diveMs": 191,
      "guessed": false,
      "handX": 2.29,
      "handY": 2.13,
      "startMs": 142,
      "startX": 0,
    },
    "level": "pro",
    "mode": "penalty",
    "origin": {
      "x": 0,
      "z": 11,
    },
    "points": 0,
    "result": "miss",
    "topCorner": false,
    "wall": null,
  },
  {
    "ball": {
      "curveM": 0,
      "flightMs": 845,
      "lift": 1.41,
      "pace": 0.42,
      "x": -0.27,
      "y": 0.82,
    },
    "coins": 0,
    "keeper": {
      "diveMs": 195,
      "guessed": false,
      "handX": 0.15,
      "handY": 1.25,
      "startMs": 433,
      "startX": 0.9,
    },
    "level": "junior",
    "mode": "freekick",
    "origin": {
      "x": -2.77,
      "z": 20.81,
    },
    "points": 0,
    "result": "wall",
    "topCorner": false,
    "wall": {
      "count": 4,
      "halfWidth": 1.08,
      "top": 2.1,
      "x": -2.28,
      "z": 11.67,
    },
  },
  {
    "ball": {
      "curveM": 0,
      "flightMs": 801,
      "lift": 1.4,
      "pace": 0.92,
      "x": -2.5,
      "y": 2.79,
    },
    "coins": 0,
    "keeper": {
      "diveMs": 273,
      "guessed": true,
      "handX": 2.15,
      "handY": 0.76,
      "startMs": 0,
      "startX": 0.9,
    },
    "level": "junior",
    "mode": "freekick",
    "origin": {
      "x": -3.9,
      "z": 25.21,
    },
    "points": 0,
    "result": "miss",
    "topCorner": false,
    "wall": {
      "count": 4,
      "halfWidth": 1.08,
      "top": 2.1,
      "x": -3.09,
      "z": 16.1,
    },
  },
  {
    "ball": {
      "curveM": -0,
      "flightMs": 1470,
      "lift": 1.12,
      "pace": 0,
      "x": 2.91,
      "y": 0.32,
    },
    "coins": 0,
    "keeper": {
      "diveMs": 355,
      "guessed": false,
      "handX": 2.69,
      "handY": 0.42,
      "startMs": 441,
      "startX": 0.9,
    },
    "level": "junior",
    "mode": "freekick",
    "origin": {
      "x": -5.04,
      "z": 23.62,
    },
    "points": 0,
    "result": "saved",
    "topCorner": false,
    "wall": {
      "count": 4,
      "halfWidth": 1.08,
      "top": 2.1,
      "x": -3.74,
      "z": 14.56,
    },
  },
  {
    "ball": {
      "curveM": -0,
      "flightMs": 673,
      "lift": 1.51,
      "pace": 1,
      "x": 6.71,
      "y": 3.55,
    },
    "coins": 0,
    "keeper": {
      "diveMs": 206,
      "guessed": false,
      "handX": 2.92,
      "handY": 2.08,
      "startMs": 467,
      "startX": 0.9,
    },
    "level": "junior",
    "mode": "freekick",
    "origin": {
      "x": -6.18,
      "z": 22.03,
    },
    "points": 0,
    "result": "miss",
    "topCorner": false,
    "wall": {
      "count": 4,
      "halfWidth": 1.08,
      "top": 2.1,
      "x": -4.34,
      "z": 13.07,
    },
  },
  {
    "ball": {
      "curveM": 0,
      "flightMs": 911,
      "lift": 1.57,
      "pace": 0.42,
      "x": 0.28,
      "y": 1.18,
    },
    "coins": 0,
    "keeper": {
      "diveMs": 251,
      "guessed": true,
      "handX": 2.01,
      "handY": 1.69,
      "startMs": 0,
      "startX": 0.9,
    },
    "level": "junior",
    "mode": "freekick",
    "origin": {
      "x": -7.32,
      "z": 20.44,
    },
    "points": 0,
    "result": "wall",
    "topCorner": false,
    "wall": {
      "count": 4,
      "halfWidth": 1.08,
      "top": 2.1,
      "x": -4.87,
      "z": 11.62,
    },
  },
  {
    "ball": {
      "curveM": 1.61,
      "flightMs": 851,
      "lift": 1.56,
      "pace": 0.92,
      "x": -3.28,
      "y": 1.15,
    },
    "coins": 0,
    "keeper": {
      "diveMs": 365,
      "guessed": false,
      "handX": -2.15,
      "handY": 0.99,
      "startMs": 486,
      "startX": 0.9,
    },
    "level": "junior",
    "mode": "freekick",
    "origin": {
      "x": -8.46,
      "z": 24.85,
    },
    "points": 0,
    "result": "wall",
    "topCorner": false,
    "wall": {
      "count": 4,
      "halfWidth": 1.08,
      "top": 2.1,
      "x": -6.04,
      "z": 16.03,
    },
  },
  {
    "ball": {
      "curveM": -0.92,
      "flightMs": 1631,
      "lift": 1.25,
      "pace": 0,
      "x": 2.48,
      "y": 0.19,
    },
    "coins": 0,
    "keeper": {
      "diveMs": 611,
      "guessed": true,
      "handX": -2.55,
      "handY": 0.9,
      "startMs": 0,
      "startX": 0.9,
    },
    "level": "junior",
    "mode": "freekick",
    "origin": {
      "x": -9.59,
      "z": 23.26,
    },
    "points": 0,
    "result": "wall",
    "topCorner": false,
    "wall": {
      "count": 4,
      "halfWidth": 1.08,
      "top": 2.1,
      "x": -6.63,
      "z": 14.6,
    },
  },
  {
    "ball": {
      "curveM": -2.3,
      "flightMs": 733,
      "lift": 1.68,
      "pace": 1,
      "x": 0.6,
      "y": 2.79,
    },
    "coins": 0,
    "keeper": {
      "diveMs": 251,
      "guessed": false,
      "handX": -0.21,
      "handY": 1.95,
      "startMs": 475,
      "startX": 0.9,
    },
    "level": "junior",
    "mode": "freekick",
    "origin": {
      "x": -10.73,
      "z": 21.67,
    },
    "points": 0,
    "result": "miss",
    "topCorner": false,
    "wall": {
      "count": 3,
      "halfWidth": 0.81,
      "top": 2.1,
      "x": -7.19,
      "z": 13.23,
    },
  },
  {
    "ball": {
      "curveM": 0,
      "flightMs": 1398,
      "lift": 2.25,
      "pace": 0.42,
      "x": 0.06,
      "y": 0.47,
    },
    "coins": 10,
    "keeper": {
      "diveMs": 317,
      "guessed": false,
      "handX": -0.64,
      "handY": 0.2,
      "startMs": 477,
      "startX": 0.9,
    },
    "level": "junior",
    "mode": "freekick",
    "origin": {
      "x": -11.87,
      "z": 20.08,
    },
    "points": 2,
    "result": "goal",
    "topCorner": false,
    "wall": {
      "count": 3,
      "halfWidth": 0.81,
      "top": 2.1,
      "x": -7.72,
      "z": 11.93,
    },
  },
  {
    "ball": {
      "curveM": 0.64,
      "flightMs": 1284,
      "lift": 1.85,
      "pace": 0.92,
      "x": -3.46,
      "y": 2.55,
    },
    "coins": 0,
    "keeper": {
      "diveMs": 314,
      "guessed": false,
      "handX": -2.42,
      "handY": 2.17,
      "startMs": 464,
      "startX": -0.9,
    },
    "level": "junior",
    "mode": "freekick",
    "origin": {
      "x": 12.99,
      "z": 24.49,
    },
    "points": 0,
    "result": "post",
    "topCorner": false,
    "wall": {
      "count": 3,
      "halfWidth": 0.81,
      "top": 2.1,
      "x": 9.14,
      "z": 16.19,
    },
  },
  {
    "ball": {
      "curveM": -0.37,
      "flightMs": 2387,
      "lift": 2.15,
      "pace": 0,
      "x": 2.19,
      "y": 0.31,
    },
    "coins": 0,
    "keeper": {
      "diveMs": 498,
      "guessed": false,
      "handX": 1.82,
      "handY": 0.39,
      "startMs": 480,
      "startX": -0.9,
    },
    "level": "junior",
    "mode": "freekick",
    "origin": {
      "x": 11.85,
      "z": 22.89,
    },
    "points": 0,
    "result": "wall",
    "topCorner": false,
    "wall": {
      "count": 3,
      "halfWidth": 0.81,
      "top": 2.1,
      "x": 8.12,
      "z": 14.53,
    },
  },
  {
    "ball": {
      "curveM": -0.92,
      "flightMs": 1032,
      "lift": 2.48,
      "pace": 1,
      "x": 4.86,
      "y": 1.71,
    },
    "coins": 0,
    "keeper": {
      "diveMs": 538,
      "guessed": false,
      "handX": 2.55,
      "handY": 1.79,
      "startMs": 494,
      "startX": -0.9,
    },
    "level": "junior",
    "mode": "freekick",
    "origin": {
      "x": 10.71,
      "z": 21.3,
    },
    "points": 0,
    "result": "miss",
    "topCorner": false,
    "wall": {
      "count": 3,
      "halfWidth": 0.81,
      "top": 2.1,
      "x": 7.13,
      "z": 12.88,
    },
  },
  {
    "ball": {
      "curveM": 0,
      "flightMs": 920,
      "lift": 1.41,
      "pace": 0.42,
      "wobble": {
        "amp": 0.53,
        "phase": 0,
      },
      "x": -0.1,
      "y": 0.72,
    },
    "coins": 0,
    "keeper": {
      "diveMs": 366,
      "guessed": true,
      "handX": -2.76,
      "handY": 1.06,
      "startMs": 0,
      "startX": -0.9,
    },
    "level": "junior",
    "mode": "freekick",
    "origin": {
      "x": 9.58,
      "z": 19.71,
    },
    "points": 0,
    "result": "wall",
    "topCorner": false,
    "wall": {
      "count": 4,
      "halfWidth": 1.08,
      "top": 2.1,
      "x": 6.16,
      "z": 11.22,
    },
  },
  {
    "ball": {
      "curveM": 0,
      "flightMs": 829,
      "lift": 1.4,
      "pace": 0.92,
      "wobble": {
        "amp": 0.36,
        "phase": 0,
      },
      "x": -2.85,
      "y": 0.89,
    },
    "coins": 10,
    "keeper": {
      "diveMs": 421,
      "guessed": true,
      "handX": -3.12,
      "handY": 2.08,
      "startMs": 0,
      "startX": -0.9,
    },
    "level": "junior",
    "mode": "freekick",
    "origin": {
      "x": 8.44,
      "z": 24.12,
    },
    "points": 2,
    "result": "goal",
    "topCorner": false,
    "wall": {
      "count": 4,
      "halfWidth": 1.08,
      "top": 2.1,
      "x": 5.96,
      "z": 15.31,
    },
  },
  {
    "ball": {
      "curveM": -0,
      "flightMs": 1535,
      "lift": 1.12,
      "pace": 0,
      "wobble": {
        "amp": 0.75,
        "phase": 3.14,
      },
      "x": 2.98,
      "y": 0.44,
    },
    "coins": 0,
    "keeper": {
      "diveMs": 574,
      "guessed": false,
      "handX": 2.31,
      "handY": 0.57,
      "startMs": 503,
      "startX": -0.9,
    },
    "level": "junior",
    "mode": "freekick",
    "origin": {
      "x": 7.3,
      "z": 22.53,
    },
    "points": 0,
    "result": "wall",
    "topCorner": false,
    "wall": {
      "count": 4,
      "halfWidth": 1.08,
      "top": 2.1,
      "x": 5.07,
      "z": 13.66,
    },
  },
  {
    "ball": {
      "curveM": -0,
      "flightMs": 661,
      "lift": 1.51,
      "pace": 1,
      "wobble": {
        "amp": 0.58,
        "phase": 3.14,
      },
      "x": 3.4,
      "y": 2.79,
    },
    "coins": 0,
    "keeper": {
      "diveMs": 142,
      "guessed": false,
      "handX": 0.7,
      "handY": 1.71,
      "startMs": 519,
      "startX": -0.9,
    },
    "level": "junior",
    "mode": "freekick",
    "origin": {
      "x": 6.16,
      "z": 20.94,
    },
    "points": 0,
    "result": "miss",
    "topCorner": false,
    "wall": {
      "count": 4,
      "halfWidth": 1.08,
      "top": 2.1,
      "x": 4.23,
      "z": 12,
    },
  },
  {
    "ball": {
      "curveM": 0,
      "flightMs": 1041,
      "lift": 1.41,
      "pace": 0.42,
      "x": -0.38,
      "y": 0.71,
    },
    "coins": 0,
    "keeper": {
      "diveMs": 154,
      "guessed": false,
      "handX": -0.35,
      "handY": 0.88,
      "startMs": 378,
      "startX": -0.9,
    },
    "level": "amateur",
    "mode": "freekick",
    "origin": {
      "x": 5.02,
      "z": 25.35,
    },
    "points": 0,
    "result": "wall",
    "topCorner": false,
    "wall": {
      "count": 4,
      "halfWidth": 1.08,
      "top": 2.1,
      "x": 3.81,
      "z": 16.28,
    },
  },
  {
    "ball": {
      "curveM": 0,
      "flightMs": 756,
      "lift": 1.4,
      "pace": 0.92,
      "x": -1.7,
      "y": 1.98,
    },
    "coins": 15,
    "keeper": {
      "diveMs": 223,
      "guessed": false,
      "handX": 0.16,
      "handY": 1.92,
      "startMs": 438,
      "startX": -0.9,
    },
    "level": "amateur",
    "mode": "freekick",
    "origin": {
      "x": 3.89,
      "z": 23.76,
    },
    "points": 4,
    "result": "goal",
    "topCorner": false,
    "wall": {
      "count": 4,
      "halfWidth": 1.08,
      "top": 2.1,
      "x": 3.03,
      "z": 14.65,
    },
  },
  {
    "ball": {
      "curveM": -0,
      "flightMs": 1360,
      "lift": 1.12,
      "pace": 0,
      "x": 2.53,
      "y": 0.11,
    },
    "coins": 0,
    "keeper": {
      "diveMs": 503,
      "guessed": false,
      "handX": 2.23,
      "handY": 0.22,
      "startMs": 428,
      "startX": -0.9,
    },
    "level": "amateur",
    "mode": "freekick",
    "origin": {
      "x": 2.75,
      "z": 22.17,
    },
    "points": 0,
    "result": "wall",
    "topCorner": false,
    "wall": {
      "count": 4,
      "halfWidth": 1.08,
      "top": 2.1,
      "x": 2.3,
      "z": 13.03,
    },
  },
  {
    "ball": {
      "curveM": -0,
      "flightMs": 609,
      "lift": 1.51,
      "pace": 1,
      "x": 3.99,
      "y": 4.8,
    },
    "coins": 0,
    "keeper": {
      "diveMs": 302,
      "guessed": true,
      "handX": 2.54,
      "handY": 2.1,
      "startMs": 0,
      "startX": 0.9,
    },
    "level": "amateur",
    "mode": "freekick",
    "origin": {
      "x": -2.39,
      "z": 20.57,
    },
    "points": 0,
    "result": "miss",
    "topCorner": false,
    "wall": {
      "count": 4,
      "halfWidth": 1.08,
      "top": 2.1,
      "x": -2.06,
      "z": 11.43,
    },
  },
  {
    "ball": {
      "curveM": 0,
      "flightMs": 1059,
      "lift": 1.57,
      "pace": 0.42,
      "x": -0.07,
      "y": 0.79,
    },
    "coins": 0,
    "keeper": {
      "diveMs": 188,
      "guessed": false,
      "handX": 0.1,
      "handY": 0.93,
      "startMs": 404,
      "startX": 0.9,
    },
    "level": "amateur",
    "mode": "freekick",
    "origin": {
      "x": -3.53,
      "z": 24.98,
    },
    "points": 0,
    "result": "wall",
    "topCorner": false,
    "wall": {
      "count": 4,
      "halfWidth": 1.08,
      "top": 2.1,
      "x": -2.84,
      "z": 15.86,
    },
  },
  {
    "ball": {
      "curveM": 1.61,
      "flightMs": 774,
      "lift": 1.56,
      "pace": 0.92,
      "x": -2.65,
      "y": 1.15,
    },
    "coins": 0,
    "keeper": {
      "diveMs": 337,
      "guessed": false,
      "handX": -2.35,
      "handY": 1.91,
      "startMs": 437,
      "startX": 0.9,
    },
    "level": "amateur",
    "mode": "freekick",
    "origin": {
      "x": -4.67,
      "z": 23.39,
    },
    "points": 0,
    "result": "wall",
    "topCorner": false,
    "wall": {
      "count": 4,
      "halfWidth": 1.08,
      "top": 2.1,
      "x": -3.5,
      "z": 14.32,
    },
  },
  {
    "ball": {
      "curveM": -0.92,
      "flightMs": 1462,
      "lift": 1.25,
      "pace": 0,
      "x": 2.35,
      "y": 0.13,
    },
    "coins": 0,
    "keeper": {
      "diveMs": 205,
      "guessed": false,
      "handX": 1.82,
      "handY": 0.2,
      "startMs": 374,
      "startX": 0.9,
    },
    "level": "amateur",
    "mode": "freekick",
    "origin": {
      "x": -5.81,
      "z": 21.8,
    },
    "points": 0,
    "result": "wall",
    "topCorner": false,
    "wall": {
      "count": 4,
      "halfWidth": 1.08,
      "top": 2.1,
      "x": -4.09,
      "z": 12.81,
    },
  },
  {
    "ball": {
      "curveM": -2.3,
      "flightMs": 648,
      "lift": 1.68,
      "pace": 1,
      "x": 5.18,
      "y": 4.28,
    },
    "coins": 0,
    "keeper": {
      "diveMs": 546,
      "guessed": true,
      "handX": -2.55,
      "handY": 1.94,
      "startMs": 0,
      "startX": 0.9,
    },
    "level": "amateur",
    "mode": "freekick",
    "origin": {
      "x": -6.94,
      "z": 20.21,
    },
    "points": 0,
    "result": "miss",
    "topCorner": false,
    "wall": {
      "count": 4,
      "halfWidth": 1.08,
      "top": 2.1,
      "x": -4.62,
      "z": 11.36,
    },
  },
  {
    "ball": {
      "curveM": 0,
      "flightMs": 1553,
      "lift": 2.25,
      "pace": 0.42,
      "x": 0.16,
      "y": 0.74,
    },
    "coins": 0,
    "keeper": {
      "diveMs": 123,
      "guessed": false,
      "handX": 0.58,
      "handY": 0.72,
      "startMs": 366,
      "startX": 0.9,
    },
    "level": "amateur",
    "mode": "freekick",
    "origin": {
      "x": -8.08,
      "z": 24.62,
    },
    "points": 0,
    "result": "saved",
    "topCorner": false,
    "wall": {
      "count": 4,
      "halfWidth": 1.08,
      "top": 2.1,
      "x": -5.77,
      "z": 15.77,
    },
  },
  {
    "ball": {
      "curveM": 0.64,
      "flightMs": 1149,
      "lift": 1.85,
      "pace": 0.92,
      "x": -3.17,
      "y": 2.02,
    },
    "coins": 23,
    "keeper": {
      "diveMs": 546,
      "guessed": false,
      "handX": -2.55,
      "handY": 2.24,
      "startMs": 389,
      "startX": 0.9,
    },
    "level": "amateur",
    "mode": "freekick",
    "origin": {
      "x": -9.22,
      "z": 23.03,
    },
    "points": 6,
    "result": "goal",
    "topCorner": true,
    "wall": {
      "count": 4,
      "halfWidth": 1.08,
      "top": 2.1,
      "x": -6.36,
      "z": 14.34,
    },
  },
  {
    "ball": {
      "curveM": -0.37,
      "flightMs": 2205,
      "lift": 2.15,
      "pace": 0,
      "x": 2.82,
      "y": 0.27,
    },
    "coins": 0,
    "keeper": {
      "diveMs": 344,
      "guessed": false,
      "handX": 2.85,
      "handY": 0.62,
      "startMs": 415,
      "startX": 0.9,
    },
    "level": "amateur",
    "mode": "freekick",
    "origin": {
      "x": -10.36,
      "z": 21.44,
    },
    "points": 0,
    "result": "saved",
    "topCorner": false,
    "wall": {
      "count": 3,
      "halfWidth": 0.81,
      "top": 2.1,
      "x": -6.92,
      "z": 12.96,
    },
  },
  {
    "ball": {
      "curveM": -0.92,
      "flightMs": 993,
      "lift": 2.48,
      "pace": 1,
      "x": 3.67,
      "y": 3.22,
    },
    "coins": 0,
    "keeper": {
      "diveMs": 546,
      "guessed": false,
      "handX": 3.66,
      "handY": 1.92,
      "startMs": 406,
      "startX": 0.9,
    },
    "level": "amateur",
    "mode": "freekick",
    "origin": {
      "x": -11.5,
      "z": 19.85,
    },
    "points": 0,
    "result": "miss",
    "topCorner": false,
    "wall": {
      "count": 3,
      "halfWidth": 0.81,
      "top": 2.1,
      "x": -7.43,
      "z": 11.65,
    },
  },
  {
    "ball": {
      "curveM": 0,
      "flightMs": 1148,
      "lift": 1.41,
      "pace": 0.42,
      "wobble": {
        "amp": 0.53,
        "phase": 0,
      },
      "x": 0.45,
      "y": 0.52,
    },
    "coins": 0,
    "keeper": {
      "diveMs": 394,
      "guessed": true,
      "handX": 3.22,
      "handY": 1.71,
      "startMs": 0,
      "startX": 0.9,
    },
    "level": "amateur",
    "mode": "freekick",
    "origin": {
      "x": -12.63,
      "z": 24.26,
    },
    "points": 0,
    "result": "wall",
    "topCorner": false,
    "wall": {
      "count": 3,
      "halfWidth": 0.81,
      "top": 2.1,
      "x": -8.86,
      "z": 15.92,
    },
  },
  {
    "ball": {
      "curveM": 0,
      "flightMs": 835,
      "lift": 1.4,
      "pace": 0.92,
      "wobble": {
        "amp": 0.36,
        "phase": 0,
      },
      "x": -3.48,
      "y": 1.34,
    },
    "coins": 0,
    "keeper": {
      "diveMs": 388,
      "guessed": false,
      "handX": -3.66,
      "handY": 1.78,
      "startMs": 447,
      "startX": -0.9,
    },
    "level": "amateur",
    "mode": "freekick",
    "origin": {
      "x": 12.23,
      "z": 22.66,
    },
    "points": 0,
    "result": "saved",
    "topCorner": false,
    "wall": {
      "count": 3,
      "halfWidth": 0.81,
      "top": 2.1,
      "x": 8.36,
      "z": 14.37,
    },
  },
  {
    "ball": {
      "curveM": -0,
      "flightMs": 1543,
      "lift": 1.12,
      "pace": 0,
      "wobble": {
        "amp": 0.75,
        "phase": 3.14,
      },
      "x": 3.31,
      "y": 0.11,
    },
    "coins": 15,
    "keeper": {
      "diveMs": 546,
      "guessed": false,
      "handX": 2.55,
      "handY": 0.2,
      "startMs": 382,
      "startX": -0.9,
    },
    "level": "amateur",
    "mode": "freekick",
    "origin": {
      "x": 11.09,
      "z": 21.07,
    },
    "points": 4,
    "result": "goal",
    "topCorner": false,
    "wall": {
      "count": 3,
      "halfWidth": 0.81,
      "top": 2.1,
      "x": 7.35,
      "z": 12.72,
    },
  },
  {
    "ball": {
      "curveM": -0,
      "flightMs": 829,
      "lift": 1.51,
      "pace": 1,
      "wobble": {
        "amp": 0.58,
        "phase": 3.14,
      },
      "x": 4.07,
      "y": 3.82,
    },
    "coins": 0,
    "keeper": {
      "diveMs": 389,
      "guessed": false,
      "handX": 2.55,
      "handY": 2.4,
      "startMs": 440,
      "startX": -0.9,
    },
    "level": "amateur",
    "mode": "freekick",
    "origin": {
      "x": 9.95,
      "z": 25.48,
    },
    "points": 0,
    "result": "miss",
    "topCorner": false,
    "wall": {
      "count": 4,
      "halfWidth": 1.08,
      "top": 2.1,
      "x": 7.12,
      "z": 16.78,
    },
  },
  {
    "ball": {
      "curveM": 0,
      "flightMs": 1025,
      "lift": 1.41,
      "pace": 0.42,
      "x": -0.06,
      "y": 0.5,
    },
    "coins": 0,
    "keeper": {
      "diveMs": 332,
      "guessed": true,
      "handX": -3.34,
      "handY": 1.85,
      "startMs": 0,
      "startX": -0.9,
    },
    "level": "pro",
    "mode": "freekick",
    "origin": {
      "x": 8.81,
      "z": 23.89,
    },
    "points": 0,
    "result": "wall",
    "topCorner": false,
    "wall": {
      "count": 4,
      "halfWidth": 1.08,
      "top": 2.1,
      "x": 6.18,
      "z": 15.13,
    },
  },
  {
    "ball": {
      "curveM": 0,
      "flightMs": 741,
      "lift": 1.4,
      "pace": 0.92,
      "x": -2.84,
      "y": 1.71,
    },
    "coins": 0,
    "keeper": {
      "diveMs": 300,
      "guessed": false,
      "handX": -3.03,
      "handY": 1.37,
      "startMs": 326,
      "startX": -0.9,
    },
    "level": "pro",
    "mode": "freekick",
    "origin": {
      "x": 7.68,
      "z": 22.3,
    },
    "points": 0,
    "result": "saved",
    "topCorner": false,
    "wall": {
      "count": 4,
      "halfWidth": 1.08,
      "top": 2.1,
      "x": 5.29,
      "z": 13.47,
    },
  },
  {
    "ball": {
      "curveM": -0,
      "flightMs": 1322,
      "lift": 1.12,
      "pace": 0,
      "x": 2.55,
      "y": 0.11,
    },
    "coins": 0,
    "keeper": {
      "diveMs": 410,
      "guessed": false,
      "handX": 2.3,
      "handY": 0.34,
      "startMs": 327,
      "startX": -0.9,
    },
    "level": "pro",
    "mode": "freekick",
    "origin": {
      "x": 6.54,
      "z": 20.71,
    },
    "points": 0,
    "result": "wall",
    "topCorner": false,
    "wall": {
      "count": 4,
      "halfWidth": 1.08,
      "top": 2.1,
      "x": 4.44,
      "z": 11.81,
    },
  },
  {
    "ball": {
      "curveM": -0,
      "flightMs": 756,
      "lift": 1.51,
      "pace": 1,
      "x": 2.91,
      "y": 2.52,
    },
    "coins": 0,
    "keeper": {
      "diveMs": 436,
      "guessed": false,
      "handX": 2.55,
      "handY": 2.24,
      "startMs": 307,
      "startX": -0.9,
    },
    "level": "pro",
    "mode": "freekick",
    "origin": {
      "x": 5.4,
      "z": 25.12,
    },
    "points": 0,
    "result": "post",
    "topCorner": false,
    "wall": {
      "count": 4,
      "halfWidth": 1.08,
      "top": 2.1,
      "x": 4.05,
      "z": 16.07,
    },
  },
  {
    "ball": {
      "curveM": 0,
      "flightMs": 1003,
      "lift": 1.57,
      "pace": 0.42,
      "x": -0.27,
      "y": 0.77,
    },
    "coins": 0,
    "keeper": {
      "diveMs": 186,
      "guessed": false,
      "handX": 0.13,
      "handY": 0.83,
      "startMs": 327,
      "startX": -0.9,
    },
    "level": "pro",
    "mode": "freekick",
    "origin": {
      "x": 4.26,
      "z": 23.53,
    },
    "points": 0,
    "result": "wall",
    "topCorner": false,
    "wall": {
      "count": 4,
      "halfWidth": 1.08,
      "top": 2.1,
      "x": 3.25,
      "z": 14.44,
    },
  },
  {
    "ball": {
      "curveM": 1.61,
      "flightMs": 719,
      "lift": 1.56,
      "pace": 0.92,
      "x": -0.38,
      "y": 2.26,
    },
    "coins": 0,
    "keeper": {
      "diveMs": 162,
      "guessed": false,
      "handX": -0.1,
      "handY": 2.24,
      "startMs": 306,
      "startX": -0.9,
    },
    "level": "pro",
    "mode": "freekick",
    "origin": {
      "x": 3.12,
      "z": 21.94,
    },
    "points": 0,
    "result": "saved",
    "topCorner": false,
    "wall": {
      "count": 4,
      "halfWidth": 1.08,
      "top": 2.1,
      "x": 2.51,
      "z": 12.81,
    },
  },
  {
    "ball": {
      "curveM": -0.92,
      "flightMs": 1325,
      "lift": 1.25,
      "pace": 0,
      "x": 1.7,
      "y": 0.11,
    },
    "coins": 0,
    "keeper": {
      "diveMs": 247,
      "guessed": true,
      "handX": 2.52,
      "handY": 1.11,
      "startMs": 0,
      "startX": 0.9,
    },
    "level": "pro",
    "mode": "freekick",
    "origin": {
      "x": -2.02,
      "z": 20.34,
    },
    "points": 0,
    "result": "wall",
    "topCorner": false,
    "wall": {
      "count": 4,
      "halfWidth": 1.08,
      "top": 2.1,
      "x": -1.85,
      "z": 11.19,
    },
  },
  {
    "ball": {
      "curveM": -2.3,
      "flightMs": 756,
      "lift": 1.68,
      "pace": 1,
      "x": 3.22,
      "y": 1.94,
    },
    "coins": 45,
    "keeper": {
      "diveMs": 230,
      "guessed": false,
      "handX": 2.36,
      "handY": 1.68,
      "startMs": 316,
      "startX": 0.9,
    },
    "level": "pro",
    "mode": "freekick",
    "origin": {
      "x": -3.15,
      "z": 24.75,
    },
    "points": 21,
    "result": "goal",
    "topCorner": true,
    "wall": {
      "count": 4,
      "halfWidth": 1.08,
      "top": 2.1,
      "x": -2.6,
      "z": 15.62,
    },
  },
  {
    "ball": {
      "curveM": 0,
      "flightMs": 1412,
      "lift": 2.25,
      "pace": 0.42,
      "x": 0.04,
      "y": 0.73,
    },
    "coins": 0,
    "keeper": {
      "diveMs": 166,
      "guessed": false,
      "handX": 0.06,
      "handY": 0.75,
      "startMs": 311,
      "startX": 0.9,
    },
    "level": "pro",
    "mode": "freekick",
    "origin": {
      "x": -4.29,
      "z": 23.16,
    },
    "points": 0,
    "result": "saved",
    "topCorner": false,
    "wall": {
      "count": 4,
      "halfWidth": 1.08,
      "top": 2.1,
      "x": -3.25,
      "z": 14.07,
    },
  },
  {
    "ball": {
      "curveM": 0.64,
      "flightMs": 1031,
      "lift": 1.85,
      "pace": 0.92,
      "x": -2.4,
      "y": 1.49,
    },
    "coins": 30,
    "keeper": {
      "diveMs": 332,
      "guessed": false,
      "handX": -1.55,
      "handY": 1.57,
      "startMs": 345,
      "startX": 0.9,
    },
    "level": "pro",
    "mode": "freekick",
    "origin": {
      "x": -5.43,
      "z": 21.57,
    },
    "points": 14,
    "result": "goal",
    "topCorner": false,
    "wall": {
      "count": 4,
      "halfWidth": 1.08,
      "top": 2.1,
      "x": -3.85,
      "z": 12.56,
    },
  },
  {
    "ball": {
      "curveM": -0.37,
      "flightMs": 1947,
      "lift": 2.15,
      "pace": 0,
      "x": 2.65,
      "y": 0.17,
    },
    "coins": 0,
    "keeper": {
      "diveMs": 276,
      "guessed": false,
      "handX": 2.81,
      "handY": 0.2,
      "startMs": 350,
      "startX": 0.9,
    },
    "level": "pro",
    "mode": "freekick",
    "origin": {
      "x": -6.57,
      "z": 19.98,
    },
    "points": 0,
    "result": "saved",
    "topCorner": false,
    "wall": {
      "count": 4,
      "halfWidth": 1.08,
      "top": 2.1,
      "x": -4.38,
      "z": 11.1,
    },
  },
  {
    "ball": {
      "curveM": -0.92,
      "flightMs": 1107,
      "lift": 2.48,
      "pace": 1,
      "x": 2.65,
      "y": 2.79,
    },
    "coins": 0,
    "keeper": {
      "diveMs": 331,
      "guessed": true,
      "handX": 3.33,
      "handY": 1.76,
      "startMs": 0,
      "startX": 0.9,
    },
    "level": "pro",
    "mode": "freekick",
    "origin": {
      "x": -7.71,
      "z": 24.39,
    },
    "points": 0,
    "result": "miss",
    "topCorner": false,
    "wall": {
      "count": 4,
      "halfWidth": 1.08,
      "top": 2.1,
      "x": -5.5,
      "z": 15.51,
    },
  },
  {
    "ball": {
      "curveM": 0,
      "flightMs": 1026,
      "lift": 1.41,
      "pace": 0.42,
      "wobble": {
        "amp": 0.53,
        "phase": 0,
      },
      "x": -0.56,
      "y": 0.84,
    },
    "coins": 0,
    "keeper": {
      "diveMs": 155,
      "guessed": false,
      "handX": 0.17,
      "handY": 0.96,
      "startMs": 336,
      "startX": 0.9,
    },
    "level": "pro",
    "mode": "freekick",
    "origin": {
      "x": -8.84,
      "z": 22.8,
    },
    "points": 0,
    "result": "wall",
    "topCorner": false,
    "wall": {
      "count": 4,
      "halfWidth": 1.08,
      "top": 2.1,
      "x": -6.09,
      "z": 14.07,
    },
  },
  {
    "ball": {
      "curveM": 0,
      "flightMs": 760,
      "lift": 1.4,
      "pace": 0.92,
      "wobble": {
        "amp": 0.36,
        "phase": 0,
      },
      "x": -1.72,
      "y": 1.79,
    },
    "coins": 0,
    "keeper": {
      "diveMs": 411,
      "guessed": false,
      "handX": -2.55,
      "handY": 1.36,
      "startMs": 349,
      "startX": 0.9,
    },
    "level": "pro",
    "mode": "freekick",
    "origin": {
      "x": -9.98,
      "z": 21.21,
    },
    "points": 0,
    "result": "wall",
    "topCorner": false,
    "wall": {
      "count": 4,
      "halfWidth": 1.08,
      "top": 2.1,
      "x": -6.63,
      "z": 12.69,
    },
  },
  {
    "ball": {
      "curveM": -0,
      "flightMs": 1462,
      "lift": 1.12,
      "pace": 0,
      "wobble": {
        "amp": 0.75,
        "phase": 3.14,
      },
      "x": 2.47,
      "y": 0.44,
    },
    "coins": 0,
    "keeper": {
      "diveMs": 224,
      "guessed": false,
      "handX": 2.3,
      "handY": 0.45,
      "startMs": 361,
      "startX": 0.9,
    },
    "level": "pro",
    "mode": "freekick",
    "origin": {
      "x": -11.12,
      "z": 19.62,
    },
    "points": 0,
    "result": "saved",
    "topCorner": false,
    "wall": {
      "count": 3,
      "halfWidth": 0.81,
      "top": 2.1,
      "x": -7.14,
      "z": 11.38,
    },
  },
  {
    "ball": {
      "curveM": -0,
      "flightMs": 817,
      "lift": 1.51,
      "pace": 1,
      "wobble": {
        "amp": 0.58,
        "phase": 3.14,
      },
      "x": 8.11,
      "y": 3.96,
    },
    "coins": 0,
    "keeper": {
      "diveMs": 436,
      "guessed": false,
      "handX": 3.66,
      "handY": 1.92,
      "startMs": 350,
      "startX": 0.9,
    },
    "level": "pro",
    "mode": "freekick",
    "origin": {
      "x": -12.26,
      "z": 24.02,
    },
    "points": 0,
    "result": "miss",
    "topCorner": false,
    "wall": {
      "count": 3,
      "halfWidth": 0.81,
      "top": 2.1,
      "x": -8.56,
      "z": 15.65,
    },
  },
]
`;
